https://hevodata.com/blog/how-to-install-kafka-on-ubuntu/

https://www.mariuszrafalo.pl/sgh/projekty/kafka.html


rsk@rsk01:~$ cat /etc/os-release
NAME="Ubuntu"
VERSION="20.04.3 LTS (Focal Fossa)"
ID=ubuntu
ID_LIKE=debian
PRETTY_NAME="Ubuntu 20.04.3 LTS"
VERSION_ID="20.04"
HOME_URL="https://www.ubuntu.com/"
SUPPORT_URL="https://help.ubuntu.com/"
BUG_REPORT_URL="https://bugs.launchpad.net/ubuntu/"
PRIVACY_POLICY_URL="https://www.ubuntu.com/legal/terms-and-policies/privacy-policy"
VERSION_CODENAME=focal
UBUNTU_CODENAME=focal



rsk@rsk01:~$ java -version
openjdk version "17.0.5" 2022-10-18
OpenJDK Runtime Environment (build 17.0.5+8-Ubuntu-2ubuntu120.04)
OpenJDK 64-Bit Server VM (build 17.0.5+8-Ubuntu-2ubuntu120.04, mixed mode, sharing)


sudo apt-get install zookeeperd
rsk@rsk01:~$ telnet localhost 2181
Trying 127.0.0.1...
Connected to localhost.
Escape character is '^]'.
ruok
imokConnection closed by foreign host.


sudo adduser kafka

rsk@rsk01:~$ sudo adduser kafka
Adding user `kafka' ...
Adding new group `kafka' (1001) ...
Adding new user `kafka' (1001) with group `kafka' ...
Creating home directory `/home/kafka' ...
Copying files from `/etc/skel' ...
New password: rsk
Retype new password: rsk
passwd: password updated successfully
Changing the user information for kafka
Enter the new value, or press ENTER for the default
	Full Name []: bob
	Room Number []: 123
	Work Phone []: 4108675309
	Home Phone []: 4108675309
	Other []: 
Is the information correct? [Y/n] y
rsk@rsk01:~$


rsk@rsk01:~$ su -l kafka
Password: 
kafka@rsk01:~$

kafka@rsk01:~/Downloads$ mkdir ~/kafka && cd ~/kafka
kafka@rsk01:~/kafka$

 tar -xvzf ~/Downloads/kafka.tgz --strip 1

kafka@rsk01:~/Downloads$ curl "https://downloads.apache.org/kafka/3.3.1/kafka_2.12-3.3.1.tgz" -o ~/Downloads/kafka.tgz
  % Total    % Received % Xferd  Average Speed   Time    Time     Time  Current
                                 Dload  Upload   Total   Spent    Left  Speed
100  100M  100  100M    0     0  2447k      0  0:00:41  0:00:41 --:--:-- 1767k

kafka@rsk01:~/Downloads$ curl "https://downloads.apache.org/kafka/3.3.1/kafka_2.12-3.3.1.tgz.md5" -o ~/Downloads/kafka.tgz.md5
  % Total    % Received % Xferd  Average Speed   Time    Time     Time  Current
                                 Dload  Upload   Total   Spent    Left  Speed
100    71  100    71    0     0    184      0 --:--:-- --:--:-- --:--:--   184


kafka@rsk01:~/Downloads$ cat kafka.tgz.md5 
kafka_2.12-3.3.1.tgz: 6D 1D B3 71 79 69 EA D1  48 3E 38 C4 30 CF DF F2
kafka@rsk01:~/Downloads$ ls -l
total 102636
-rw-rw-r-- 1 kafka kafka 105092106 Dec 22 19:50 kafka.tgz
-rw-rw-r-- 1 kafka kafka        71 Dec 22 19:51 kafka.tgz.md5


kafka@rsk01:~/Downloads$ md5sum kafka.tgz
6d1db3717969ead1483e38c430cfdff2  kafka.tgz
kafka@rsk01:~/Downloads$


kafka@rsk01:~/kafka$ tar -xvzf ~/Downloads/kafka.tgz --strip 1
kafka_2.12-3.3.1/LICENSE
kafka_2.12-3.3.1/NOTICE


nano ~/kafka/config/server.properties
delete.topic.enable = true
log.dirs=/home/kafka/logs


rsk@rsk01:~$ sudo adduser kafka sudo
[sudo] password for rsk: 
Sorry, try again.
[sudo] password for rsk: 
Adding user `kafka' to group `sudo' ...
Adding user kafka to group sudo
Done.


rsk@rsk01:~$ sudo kafka
sudo: kafka: command not found
rsk@rsk01:~$ su kafka
Password: 
To run a command as administrator (user "root"), use "sudo <command>".
See "man sudo_root" for details.


sudo nano /etc/systemd/system/zookeeper.service


[Unit]
Requires=network.target remote-fs.target
After=network.target remote-fs.target

[Service]
Type=simple
User=kafka
ExecStart=/home/kafka/kafka/bin/zookeeper-server-start.sh /home/kafka/kafka/config/zookeeper.properties
ExecStop=/home/kafka/kafka/bin/zookeeper-server-stop.sh
Restart=on-abnormal

[Install]
WantedBy=multi-user.target


sudo vi /etc/systemd/system/kafka.service

[Unit]
Requires=zookeeper.service
After=zookeeper.service

[Service]
Type=simple
User=kafka
ExecStart=/bin/sh -c '/home/kafka/kafka/bin/kafka-server-start.sh /home/kafka/kafka/config/server.properties > /home/kafka/kafka/kafka.log 2>&1'
ExecStop=/home/kafka/kafka/bin/kafka-server-stop.sh
Restart=on-abnormal

[Install]
WantedBy=multi-user.target


kafka@rsk01:/home/rsk$ sudo systemctl start kafka
kafka@rsk01:/home/rsk$ sudo systemctl startus kafka
Unknown operation startus.
kafka@rsk01:/home/rsk$ sudo systemctl status kafka
● kafka.service
     Loaded: loaded (/etc/systemd/system/kafka.service; disabled; vendor preset: enabled)
     Active: active (running) since Thu 2022-12-22 20:17:48 UTC; 42s ago
   Main PID: 86210 (sh)
      Tasks: 75 (limit: 9293)
     Memory: 315.8M
     CGroup: /system.slice/kafka.service
             ├─86210 /bin/sh -c /home/kafka/kafka/bin/kafka-server-start.sh /home/kafka/kafka/config/server.properties > /home/kafka/kafka/kafka.log 2>&1
             └─86211 java -Xmx1G -Xms1G -server -XX:+UseG1GC -XX:MaxGCPauseMillis=20 -XX:InitiatingHeapOccupancyPercent=35 -XX:+ExplicitGCInvokesConcurrent -XX:>

Dec 22 20:17:48 rsk01 systemd[1]: Started kafka.service.
lines 1-11/11 (END)




kafka@rsk01:/home/rsk$ sudo systemctl enable zookeeper
Synchronizing state of zookeeper.service with SysV service script with /lib/systemd/systemd-sysv-install.
Executing: /lib/systemd/systemd-sysv-install enable zookeeper
Created symlink /etc/systemd/system/multi-user.target.wants/zookeeper.service → /etc/systemd/system/zookeeper.service.



kafka@rsk01:/home/rsk$ sudo systemctl enable kafka
Created symlink /etc/systemd/system/multi-user.target.wants/kafka.service → /etc/systemd/system/kafka.service.
kafka@rsk01:/home/rsk$ 



kafka@rsk01:/home/rsk$ ~/kafka/bin/kafka-topics.sh --create --topic TutorialTopic --bootstrap-server localhost:9092 --replication-factor 1 --partitions 1
Created topic TutorialTopic.
kafka@rsk01:/home/rsk$


Kafka Producer
kafka@rsk01:/home/rsk$ echo "Hello World from Sammy at DigitalOcean!" | ~/kafka/bin/kafka-console-producer.sh --broker-list localhost:9092 --topic TutorialTopic > /dev/null


Kafka Consumer
kafka@rsk01:/home/rsk$ ~/kafka/bin/kafka-console-consumer.sh --bootstrap-server localhost:9092 --topic TutorialTopic --from-beginning
Hello, World
Hello World from Sammy at DigitalOcean!


https://stackoverflow.com/questions/32533837/kafka-binding-to-ipv6-port-even-though-ipv4-address-specified-in-config:

Add this is kafka/bin/Kafka-run-class.sh
KAFKA_OPTS="-Djava.net.preferIPv4Stack=True"

modify kafak/config/server.properties add the following
#listeners=PLAINTEXT://:9092
listeners=PLAINTEXT://0.0.0.0:9092

# Listener name, hostname and port the broker will advertise to clients.
# If not set, it uses the value for "listeners".
#advertised.listeners=PLAINTEXT://your.host.name:9092
advertised.listeners=PLAINTEXT://10.10.89.94:9092


